// Jest Snapshot v1, https://goo.gl/fbAQLP

exports[`testing <TodoItem> the snapshot should match 1`] = `
ShallowWrapper {
  "length": 1,
  Symbol(enzyme.__root__): [Circular],
  Symbol(enzyme.__unrendered__): <Unknown
    deleteTodo={[Function]}
    id="868et8gdf8g8sdg"
    setCurrentTodo={[Function]}
    text="This is just a test"
  />,
  Symbol(enzyme.__renderer__): Object {
    "batchedUpdates": [Function],
    "getNode": [Function],
    "render": [Function],
    "simulateEvent": [Function],
    "unmount": [Function],
  },
  Symbol(enzyme.__node__): Object {
    "instance": null,
    "key": undefined,
    "nodeType": "host",
    "props": Object {
      "children": Array [
        <Link
          onClick={[Function]}
          replace={false}
          to="/update/868et8gdf8g8sdg"
        >
          <h5>
            This is just a test
          </h5>
        </Link>,
        <i
          className="fa fa-trash-o"
          onClick={[Function]}
        />,
      ],
      "className": "todo-item",
    },
    "ref": null,
    "rendered": Array [
      Object {
        "instance": null,
        "key": undefined,
        "nodeType": "class",
        "props": Object {
          "children": <h5>
            This is just a test
          </h5>,
          "onClick": [Function],
          "replace": false,
          "to": "/update/868et8gdf8g8sdg",
        },
        "ref": null,
        "rendered": Object {
          "instance": null,
          "key": undefined,
          "nodeType": "host",
          "props": Object {
            "children": "This is just a test",
          },
          "ref": null,
          "rendered": "This is just a test",
          "type": "h5",
        },
        "type": [Function],
      },
      Object {
        "instance": null,
        "key": undefined,
        "nodeType": "host",
        "props": Object {
          "className": "fa fa-trash-o",
          "onClick": [Function],
        },
        "ref": null,
        "rendered": null,
        "type": "i",
      },
    ],
    "type": "div",
  },
  Symbol(enzyme.__nodes__): Array [
    Object {
      "instance": null,
      "key": undefined,
      "nodeType": "host",
      "props": Object {
        "children": Array [
          <Link
            onClick={[Function]}
            replace={false}
            to="/update/868et8gdf8g8sdg"
          >
            <h5>
              This is just a test
            </h5>
          </Link>,
          <i
            className="fa fa-trash-o"
            onClick={[Function]}
          />,
        ],
        "className": "todo-item",
      },
      "ref": null,
      "rendered": Array [
        Object {
          "instance": null,
          "key": undefined,
          "nodeType": "class",
          "props": Object {
            "children": <h5>
              This is just a test
            </h5>,
            "onClick": [Function],
            "replace": false,
            "to": "/update/868et8gdf8g8sdg",
          },
          "ref": null,
          "rendered": Object {
            "instance": null,
            "key": undefined,
            "nodeType": "host",
            "props": Object {
              "children": "This is just a test",
            },
            "ref": null,
            "rendered": "This is just a test",
            "type": "h5",
          },
          "type": [Function],
        },
        Object {
          "instance": null,
          "key": undefined,
          "nodeType": "host",
          "props": Object {
            "className": "fa fa-trash-o",
            "onClick": [Function],
          },
          "ref": null,
          "rendered": null,
          "type": "i",
        },
      ],
      "type": "div",
    },
  ],
  Symbol(enzyme.__options__): Object {
    "adapter": ReactSixteenAdapter {
      "options": Object {
        "enableComponentDidUpdateOnSetState": true,
      },
    },
  },
}
`;
